-=-/s/none
X/t/none
-=-/s/none
X/t/none
==/s/space
X/t/none
==/s/none
=/s/space
==/s/space
X/t/none
