""("/1/newline
abc/t/none
]]]/2/none
]][[/t/space
((/1/space
))/2/none
