("/1/none
a/t/none
")/2/none
"(/1/space
b/t/none
)"/2/none
