ab/s/newline
ab/s/space
ab/s/none
aab/s/space
abb/s/space
ab/s/space
a/t/none
c/t/space
ab/s/none
c/t/space
ab/s/none
c/t/none
