123/t/none
aabb/s/none
456/t/none
aaab/s/none
789/t/none
