aab123b456c/t/newline
a/t/space
123b123/s/none
c/t/none
