(/1/newline
abc/t/none
)/2/none
abc/t/space
[/1/space
abc/t/none
]/2/none
