"/1/newline
"/1/none
(/1/none
"/1/none
abc/t/none
]/2/none
]/2/none
]/2/none
]][[/t/space
(/1/space
(/1/none
)/2/none
)/2/none
