(/1/none
"/1/none
a/t/none
"/2/none
)/2/none
"/1/space
(/1/none
b/t/none
)/2/none
"/2/none
