./s/newline
./s/none
./s/none
./s/space
a/t/none
./s/none
