a/t/newline
./s/none
./s/none
a/t/space
./s/none
./s/none
