abc/t/newline
a""b/t/space
"/1/space
c/t/none
"/2/none
