aa/t/newline
-/s/none
bb/t/none
aa/t/space
--/s/none
bb/t/none
